Hinst Name                Module Name                     Inst Count           Total Area               Buffer             Inverter        Combinational                 Flop                Latch           Clock Gate                Macro             Physical
--------------------------------------------------------------------------------------------------------------------------------------------------------------------------------------------------------------------------------------------------------------------------
bsg_cgol_cell                                                     24              256.496               22.522               15.014              167.661               36.285               15.014                0.000                0.000                0.000
 countOnes                bsg_popcount_width_p8_mapped            17              170.163                0.000               15.014              155.149                0.000                0.000                0.000                0.000                0.000
  countOnes/recurse.left  bsg_popcount_width_p4_mapped             7               58.806                0.000                7.507               51.299                0.000                0.000                0.000                0.000                0.000
  countOnes/recurse.right bsg_popcount_width_p4_18_mapped          7               58.806                0.000                7.507               51.299                0.000                0.000                0.000                0.000                0.000
