Hinst Name                                                                                                        Module Name                                                                                                                                            Inst Count           Total Area               Buffer             Inverter        Combinational                 Flop                Latch           Clock Gate                Macro             Physical
-----------------------------------------------------------------------------------------------------------------------------------------------------------------------------------------------------------------------------------------------------------------------------------------------------------------------------------------------------------------------------------------------------------------------------------------------------------------------------------------
bsg_chip                                                                                                                                                                                                                                                                       4277            70124.755             1621.555             2274.682            14528.934            51519.411              180.173                0.000                0.000                0.000
 guts                                                                                                             bsg_guts_num_channels_p1_channel_width_p8_nodes_p1_mapped                                                                                                    4277            70124.755             1621.555             2274.682            14528.934            51519.411              180.173                0.000                0.000                0.000
  guts/bss_reset                                                                                                  bsg_sync_sync_width_p1_mapped                                                                                                                                   4               52.550               12.512                0.000                0.000               40.038                0.000                0.000                0.000                0.000
   guts/bss_reset/z.bss                                                                                           bsg_sync_sync_1_unit_mapped                                                                                                                                     4               52.550               12.512                0.000                0.000               40.038                0.000                0.000                0.000                0.000
  guts/link_downstream                                                                                            bsg_link_ddr_downstream_width_p32_channel_width_p8_num_channels_p1_mapped                                                                                    2375            44291.229              454.186             1218.669             7738.672            34879.702                0.000                0.000                0.000                0.000
   guts/link_downstream/ch[0].downstream                                                                          bsg_link_source_sync_downstream_channel_width_p18_lg_fifo_depth_p6_lg_credit_to_token_decimation_p3_bypass_twofer_fifo_p0_use_hardened_fifo_p0_mapped        2210            41701.245              302.790             1063.520             7382.080            32952.854                0.000                0.000                0.000                0.000
    guts/link_downstream/ch[0].downstream/baf                                                                     bsg_async_fifo_lg_size_p6_width_p18_mapped                                                                                                                   2116            40159.766              261.501             1034.742             7032.995            31830.528                0.000                0.000                0.000                0.000
     guts/link_downstream/ch[0].downstream/baf/MSYNC_1r1w                                                         bsg_mem_1r1w_width_p18_els_p64_read_write_same_addr_p0_mapped                                                                                                1943            38115.306              135.130              999.709             6230.976            30749.491                0.000                0.000                0.000                0.000
      guts/link_downstream/ch[0].downstream/baf/MSYNC_1r1w/synth                                                  bsg_mem_1r1w_synth_width_p18_els_p64_read_write_same_addr_p0_mapped                                                                                          1943            38115.306              135.130              999.709             6230.976            30749.491                0.000                0.000                0.000                0.000
     guts/link_downstream/ch[0].downstream/baf/bapg_rd                                                            bsg_async_ptr_gray_lg_size_p7_281_mapped                                                                                                                       68              785.754               22.522                0.000              362.848              400.384                0.000                0.000                0.000                0.000
      guts/link_downstream/ch[0].downstream/baf/bapg_rd/ptr_sync                                                  bsg_launch_sync_sync_width_p7_use_negedge_for_launch_p0_use_async_reset_p0_744_mapped                                                                          14              183.926                0.000                0.000               43.792              140.134                0.000                0.000                0.000                0.000
       guts/link_downstream/ch[0].downstream/baf/bapg_rd/ptr_sync/sync.p.z.blss                                   bsg_launch_sync_sync_posedge_7_unit_738_mapped                                                                                                                 14              183.926                0.000                0.000               43.792              140.134                0.000                0.000                0.000                0.000
     guts/link_downstream/ch[0].downstream/baf/bapg_wr                                                            bsg_async_ptr_gray_lg_size_p7_mapped                                                                                                                           92             1147.350              103.850                0.000              362.848              680.653                0.000                0.000                0.000                0.000
      guts/link_downstream/ch[0].downstream/baf/bapg_wr/ptr_sync                                                  bsg_launch_sync_sync_width_p7_use_negedge_for_launch_p0_use_async_reset_p0_mapped                                                                              35              534.262               70.067                0.000               43.792              420.403                0.000                0.000                0.000                0.000
       guts/link_downstream/ch[0].downstream/baf/bapg_wr/ptr_sync/sync.p.z.blss                                   bsg_launch_sync_sync_posedge_7_unit_mapped                                                                                                                     35              534.262               70.067                0.000               43.792              420.403                0.000                0.000                0.000                0.000
    guts/link_downstream/ch[0].downstream/genblk2.twofer                                                          bsg_two_fifo_width_p18_1_mapped                                                                                                                                73             1331.277               22.522               11.261              255.245             1042.250                0.000                0.000                0.000                0.000
     guts/link_downstream/ch[0].downstream/genblk2.twofer/mem_1r1w                                                bsg_mem_1r1w_width_p18_els_p2_read_write_same_addr_p0_1_mapped                                                                                                 54             1169.872               15.014                0.000              193.936              960.922                0.000                0.000                0.000                0.000
      guts/link_downstream/ch[0].downstream/genblk2.twofer/mem_1r1w/synth                                         bsg_mem_1r1w_synth_width_p18_els_p2_read_write_same_addr_p0_1_mapped                                                                                           54             1169.872               15.014                0.000              193.936              960.922                0.000                0.000                0.000                0.000
    guts/link_downstream/ch[0].downstream/token_counter                                                           bsg_counter_clear_up_max_val_p4hf_init_val_p0_disable_overflow_warning_p1_282_mapped                                                                           18              186.429               18.768                0.000               87.584               80.077                0.000                0.000                0.000                0.000
   guts/link_downstream/ch[0].iddr_phy                                                                            bsg_link_iddr_phy_width_p9_mapped                                                                                                                              53              917.130               93.840                8.758               30.029              784.502                0.000                0.000                0.000                0.000
   guts/link_downstream/sipo.in_sipof                                                                             bsg_serial_in_parallel_out_full_width_p16_els_p2_mapped                                                                                                        90             1516.454               30.029               23.773              320.307             1142.346                0.000                0.000                0.000                0.000
    guts/link_downstream/sipo.in_sipof/brr                                                                        bsg_round_robin_1_to_n_width_p16_num_out_p2_mapped                                                                                                              7               60.058                3.754                0.000               36.285               20.019                0.000                0.000                0.000                0.000
     guts/link_downstream/sipo.in_sipof/brr/one_to_n.circular_ptr                                                 bsg_circular_ptr_slots_p2_max_add_p1_mapped                                                                                                                     4               36.285                3.754                0.000               12.512               20.019                0.000                0.000                0.000                0.000
    guts/link_downstream/sipo.in_sipof/fifos[0].twofifo.fifo                                                      bsg_two_fifo_width_p16_319_mapped                                                                                                                              75             1346.291               26.275               20.019              257.747             1042.250                0.000                0.000                0.000                0.000
     guts/link_downstream/sipo.in_sipof/fifos[0].twofifo.fifo/mem_1r1w                                            bsg_mem_1r1w_width_p16_els_p2_read_write_same_addr_p0_306_mapped                                                                                               56             1182.384               18.768                8.758              193.936              960.922                0.000                0.000                0.000                0.000
      guts/link_downstream/sipo.in_sipof/fifos[0].twofifo.fifo/mem_1r1w/synth                                     bsg_mem_1r1w_synth_width_p16_els_p2_read_write_same_addr_p0_302_mapped                                                                                         56             1182.384               18.768                8.758              193.936              960.922                0.000                0.000                0.000                0.000
    guts/link_downstream/sipo.in_sipof/fifos[1].onefifo.fifo                                                      bsg_one_fifo_width_p16_310_mapped                                                                                                                               7              103.850                0.000                3.754               20.019               80.077                0.000                0.000                0.000                0.000
     guts/link_downstream/sipo.in_sipof/fifos[1].onefifo.fifo/dff                                                 bsg_dff_en_width_p16_harden_p0_728_mapped                                                                                                                       2               60.058                0.000                0.000                0.000               60.058                0.000                0.000                0.000                0.000
     guts/link_downstream/sipo.in_sipof/fifos[1].onefifo.fifo/dff_full                                            bsg_dff_reset_width_p1_732_mapped                                                                                                                               2               26.275                0.000                0.000                6.256               20.019                0.000                0.000                0.000                0.000
  guts/link_downstream_reset_sync_sync                                                                            bsg_launch_sync_sync_width_p1_739_mapped                                                                                                                        4               70.067               10.010                0.000                0.000               60.058                0.000                0.000                0.000                0.000
   guts/link_downstream_reset_sync_sync/sync.p.z.blss                                                             bsg_launch_sync_sync_posedge_1_unit_733_mapped                                                                                                                  4               70.067               10.010                0.000                0.000               60.058                0.000                0.000                0.000                0.000
  guts/link_upstream                                                                                              bsg_link_ddr_upstream_width_p32_channel_width_p8_num_channels_p1_mapped                                                                                       679             9432.797              461.693              270.259             2372.275             6328.570                0.000                0.000                0.000                0.000
   guts/link_upstream/ch[0].oddr_phy                                                                              bsg_link_oddr_phy_width_p9_mapped                                                                                                                              55              809.526               77.574                3.754              107.603              620.595                0.000                0.000                0.000                0.000
   guts/link_upstream/ch[0].sso                                                                                   bsg_link_source_sync_upstream_channel_width_p18_lg_fifo_depth_p6_lg_credit_to_token_decimation_p3_bypass_twofer_fifo_p0_mapped                                541             7738.672              357.843              142.637             1980.650             5257.542                0.000                0.000                0.000                0.000
    guts/link_upstream/ch[0].sso/async_fifo                                                                       bsg_async_fifo_lg_size_p3_width_p18_mapped                                                                                                                    290             4329.152              141.386               66.314              958.419             3163.034                0.000                0.000                0.000                0.000
     guts/link_upstream/ch[0].sso/async_fifo/MSYNC_1r1w                                                           bsg_mem_1r1w_width_p18_els_p8_read_write_same_addr_p0_mapped                                                                                                  158             2957.837                0.000               35.034              520.499             2402.304                0.000                0.000                0.000                0.000
      guts/link_upstream/ch[0].sso/async_fifo/MSYNC_1r1w/synth                                                    bsg_mem_1r1w_synth_width_p18_els_p8_read_write_same_addr_p0_mapped                                                                                            158             2957.837                0.000               35.034              520.499             2402.304                0.000                0.000                0.000                0.000
     guts/link_upstream/ch[0].sso/async_fifo/bapg_rd                                                              bsg_async_ptr_gray_lg_size_p4_277_mapped                                                                                                                       61              639.363               70.067               11.261              177.670              380.365                0.000                0.000                0.000                0.000
      guts/link_upstream/ch[0].sso/async_fifo/bapg_rd/ptr_sync                                                    bsg_launch_sync_sync_width_p4_use_negedge_for_launch_p0_use_async_reset_p0_740_mapped                                                                          20              305.293               40.038                0.000               25.024              240.230                0.000                0.000                0.000                0.000
       guts/link_upstream/ch[0].sso/async_fifo/bapg_rd/ptr_sync/sync.p.z.blss                                     bsg_launch_sync_sync_posedge_4_unit_734_mapped                                                                                                                 20              305.293               40.038                0.000               25.024              240.230                0.000                0.000                0.000                0.000
     guts/link_upstream/ch[0].sso/async_fifo/bapg_wr                                                              bsg_async_ptr_gray_lg_size_p4_mapped                                                                                                                           60              640.614               71.318               11.261              177.670              380.365                0.000                0.000                0.000                0.000
      guts/link_upstream/ch[0].sso/async_fifo/bapg_wr/ptr_sync                                                    bsg_launch_sync_sync_width_p4_use_negedge_for_launch_p0_use_async_reset_p0_mapped                                                                              20              305.293               40.038                0.000               25.024              240.230                0.000                0.000                0.000                0.000
       guts/link_upstream/ch[0].sso/async_fifo/bapg_wr/ptr_sync/sync.p.z.blss                                     bsg_launch_sync_sync_posedge_4_unit_mapped                                                                                                                     20              305.293               40.038                0.000               25.024              240.230                0.000                0.000                0.000                0.000
    guts/link_upstream/ch[0].sso/neg_credit_ctr                                                                   bsg_async_credit_counter_max_tokens_p4_lg_credit_to_token_decimation_p3_count_negedge_p1h1_extra_margin_p2_start_full_p1_use_async_w_reset_p1h1_mapped         78             1087.293               98.845                0.000              320.307              668.141                0.000                0.000                0.000                0.000
     guts/link_upstream/ch[0].sso/neg_credit_ctr/bapg                                                             bsg_async_ptr_gray_lg_size_p5_use_negedge_for_launch_p1h1_use_async_reset_p1h1_mapped                                                                          42              685.658               98.845                0.000               78.826              507.987                0.000                0.000                0.000                0.000
      guts/link_upstream/ch[0].sso/neg_credit_ctr/bapg/ptr_sync                                                   bsg_launch_sync_sync_width_p5_use_negedge_for_launch_p1h1_use_async_reset_p1h1_mapped                                                                          21              431.664               56.304                0.000                0.000              375.360                0.000                0.000                0.000                0.000
       guts/link_upstream/ch[0].sso/neg_credit_ctr/bapg/ptr_sync/async.n.z.blss                                   bsg_launch_sync_sync_async_reset_negedge_5_unit_mapped                                                                                                         21              431.664               56.304                0.000                0.000              375.360                0.000                0.000                0.000                0.000
    guts/link_upstream/ch[0].sso/pos_credit_ctr                                                                   bsg_async_credit_counter_max_tokens_p4_lg_credit_to_token_decimation_p3_count_negedge_p1h0_extra_margin_p2_start_full_p1_use_async_w_reset_p1h1_mapped         78             1069.776               83.830                3.754              316.554              665.638                0.000                0.000                0.000                0.000
     guts/link_upstream/ch[0].sso/pos_credit_ctr/bapg                                                             bsg_async_ptr_gray_lg_size_p5_use_negedge_for_launch_p1h0_use_async_reset_p1h1_mapped                                                                          41              664.387               80.077                3.754               75.072              505.485                0.000                0.000                0.000                0.000
      guts/link_upstream/ch[0].sso/pos_credit_ctr/bapg/ptr_sync                                                   bsg_launch_sync_sync_width_p5_use_negedge_for_launch_p1h0_use_async_reset_p1h1_mapped                                                                          23              436.669               61.309                0.000                0.000              375.360                0.000                0.000                0.000                0.000
       guts/link_upstream/ch[0].sso/pos_credit_ctr/bapg/ptr_sync/async.p.z.blss                                   bsg_launch_sync_sync_async_reset_posedge_5_unit_mapped                                                                                                         23              436.669               61.309                0.000                0.000              375.360                0.000                0.000                0.000                0.000
    guts/link_upstream/ch[0].sso/token_alt                                                                        bsg_counter_clear_up_max_val_p4hf_init_val_p0_disable_overflow_warning_p1_mapped                                                                               19              186.429               18.768                0.000               87.584               80.077                0.000                0.000                0.000                0.000
    guts/link_upstream/ch[0].sso/twofer.fifo                                                                      bsg_two_fifo_width_p18_mapped                                                                                                                                  52              894.608               15.014               11.261              187.680              680.653                0.000                0.000                0.000                0.000
     guts/link_upstream/ch[0].sso/twofer.fifo/mem_1r1w                                                            bsg_mem_1r1w_width_p18_els_p2_read_write_same_addr_p0_mapped                                                                                                   33              730.701                3.754                0.000              126.371              600.576                0.000                0.000                0.000                0.000
      guts/link_upstream/ch[0].sso/twofer.fifo/mem_1r1w/synth                                                     bsg_mem_1r1w_synth_width_p18_els_p2_read_write_same_addr_p0_mapped                                                                                             33              730.701                3.754                0.000              126.371              600.576                0.000                0.000                0.000                0.000
   guts/link_upstream/piso.out_piso                                                                               bsg_parallel_in_serial_out_width_p16_els_p2_mapped                                                                                                             60              710.682               26.275               18.768              215.206              450.432                0.000                0.000                0.000                0.000
    guts/link_upstream/piso.out_piso/piso.data_o_mux                                                              bsg_mux_width_p16_els_p2_mapped                                                                                                                                11               66.314                3.754                0.000               62.560                0.000                0.000                0.000                0.000                0.000
    guts/link_upstream/piso.out_piso/piso.fifo1                                                                   bsg_one_fifo_width_p16_mapped                                                                                                                                  15              319.056                0.000                7.507               21.270              290.278                0.000                0.000                0.000                0.000
     guts/link_upstream/piso.out_piso/piso.fifo1/dff                                                              bsg_dff_en_width_p16_harden_p0_mapped                                                                                                                           9              270.259                0.000                0.000                0.000              270.259                0.000                0.000                0.000                0.000
     guts/link_upstream/piso.out_piso/piso.fifo1/dff_full                                                         bsg_dff_reset_width_p1_mapped                                                                                                                                   2               26.275                0.000                0.000                6.256               20.019                0.000                0.000                0.000                0.000
    guts/link_upstream/piso.out_piso/piso.shift_ctr                                                               bsg_counter_clear_up_max_val_p1_init_val_p1h0_mapped                                                                                                            4               38.787                0.000                0.000               18.768               20.019                0.000                0.000                0.000                0.000
    guts/link_upstream/piso.out_piso/two_fifo.fifo0                                                               bsg_two_fifo_width_p16_mapped                                                                                                                                  26              261.501               22.522               11.261               87.584              140.134                0.000                0.000                0.000                0.000
     guts/link_upstream/piso.out_piso/two_fifo.fifo0/mem_1r1w                                                     bsg_mem_1r1w_width_p16_els_p2_read_write_same_addr_p0_mapped                                                                                                    6               87.584                3.754                0.000               23.773               60.058                0.000                0.000                0.000                0.000
      guts/link_upstream/piso.out_piso/two_fifo.fifo0/mem_1r1w/synth                                              bsg_mem_1r1w_synth_width_p16_els_p2_read_write_same_addr_p0_mapped                                                                                              6               87.584                3.754                0.000               23.773               60.058                0.000                0.000                0.000                0.000
  guts/link_upstream_reset_sync_sync                                                                              bsg_launch_sync_sync_width_p1_mapped                                                                                                                            4               71.318               10.010                0.000                0.000               61.309                0.000                0.000                0.000                0.000
   guts/link_upstream_reset_sync_sync/sync.p.z.blss                                                               bsg_launch_sync_sync_posedge_1_unit_mapped                                                                                                                      4               71.318               10.010                0.000                0.000               61.309                0.000                0.000                0.000                0.000
  guts/loop[0].adapter                                                                                            bsg_ready_and_link_async_to_wormhole_ral_link_width_p80_flit_width_p32_dims_p1_cord_markers_pos_px0000000400000000_len_width_p4_mapped                        755            10687.750              476.707              299.037             2454.854             7457.152                0.000                0.000                0.000                0.000
   guts/loop[0].adapter/piso                                                                                      bsg_parallel_in_serial_out_width_p32_els_p3_mapped                                                                                                             49              584.310                7.507               11.261              195.187              370.355                0.000                0.000                0.000                0.000
    guts/loop[0].adapter/piso/piso.data_o_mux                                                                     bsg_mux_width_p32_els_p3_mapped                                                                                                                                10               62.560                0.000                0.000               62.560                0.000                0.000                0.000                0.000                0.000
    guts/loop[0].adapter/piso/piso.fifo1                                                                          bsg_one_fifo_width_p64_mapped                                                                                                                                  14              314.051                0.000                3.754               20.019              290.278                0.000                0.000                0.000                0.000
     guts/loop[0].adapter/piso/piso.fifo1/dff                                                                     bsg_dff_en_width_p64_harden_p0_mapped                                                                                                                           9              270.259                0.000                0.000                0.000              270.259                0.000                0.000                0.000                0.000
     guts/loop[0].adapter/piso/piso.fifo1/dff_full                                                                bsg_dff_reset_width_p1_731_mapped                                                                                                                               2               26.275                0.000                0.000                6.256               20.019                0.000                0.000                0.000                0.000
    guts/loop[0].adapter/piso/piso.shift_ctr                                                                      bsg_counter_clear_up_max_val_p2_init_val_p1h0_mapped                                                                                                           10               86.333                3.754                0.000               42.541               40.038                0.000                0.000                0.000                0.000
    guts/loop[0].adapter/piso/two_fifo.fifo0                                                                      bsg_two_fifo_width_p32_3_mapped                                                                                                                                10               86.333                3.754                7.507               35.034               40.038                0.000                0.000                0.000                0.000
   guts/loop[0].adapter/ral_to_wh                                                                                 bsg_async_fifo_lg_size_p3_width_p32_mapped                                                                                                                    306             4421.741              220.211               87.584              950.912             3163.034                0.000                0.000                0.000                0.000
    guts/loop[0].adapter/ral_to_wh/MSYNC_1r1w                                                                     bsg_mem_1r1w_width_p32_els_p8_read_write_same_addr_p0_mapped                                                                                                  163             2956.586               11.261               30.029              512.992             2402.304                0.000                0.000                0.000                0.000
     guts/loop[0].adapter/ral_to_wh/MSYNC_1r1w/synth                                                              bsg_mem_1r1w_synth_width_p32_els_p8_read_write_same_addr_p0_mapped                                                                                            163             2956.586               11.261               30.029              512.992             2402.304                0.000                0.000                0.000                0.000
    guts/loop[0].adapter/ral_to_wh/bapg_rd                                                                        bsg_async_ptr_gray_lg_size_p4_5_279_mapped                                                                                                                     65              670.643              101.347               11.261              177.670              380.365                0.000                0.000                0.000                0.000
     guts/loop[0].adapter/ral_to_wh/bapg_rd/ptr_sync                                                              bsg_launch_sync_sync_width_p4_use_negedge_for_launch_p0_use_async_reset_p0_5_742_mapped                                                                        24              340.326               75.072                0.000               25.024              240.230                0.000                0.000                0.000                0.000
      guts/loop[0].adapter/ral_to_wh/bapg_rd/ptr_sync/sync.p.z.blss                                               bsg_launch_sync_sync_posedge_4_unit_5_736_mapped                                                                                                               24              340.326               75.072                0.000               25.024              240.230                0.000                0.000                0.000                0.000
    guts/loop[0].adapter/ral_to_wh/bapg_wr                                                                        bsg_async_ptr_gray_lg_size_p4_5_278_mapped                                                                                                                     64              676.899              107.603               11.261              177.670              380.365                0.000                0.000                0.000                0.000
     guts/loop[0].adapter/ral_to_wh/bapg_wr/ptr_sync                                                              bsg_launch_sync_sync_width_p4_use_negedge_for_launch_p0_use_async_reset_p0_5_741_mapped                                                                        24              340.326               75.072                0.000               25.024              240.230                0.000                0.000                0.000                0.000
      guts/loop[0].adapter/ral_to_wh/bapg_wr/ptr_sync/sync.p.z.blss                                               bsg_launch_sync_sync_posedge_4_unit_5_735_mapped                                                                                                               24              340.326               75.072                0.000               25.024              240.230                0.000                0.000                0.000                0.000
   guts/loop[0].adapter/sipof                                                                                     bsg_serial_in_parallel_out_full_width_p32_els_p3_mapped                                                                                                        80             1137.341               20.019               38.787              317.805              760.730                0.000                0.000                0.000                0.000
    guts/loop[0].adapter/sipof/brr                                                                                bsg_round_robin_1_to_n_width_p32_num_out_p3_mapped                                                                                                             16              140.134                7.507                3.754               88.835               40.038                0.000                0.000                0.000                0.000
     guts/loop[0].adapter/sipof/brr/one_to_n.circular_ptr                                                         bsg_circular_ptr_slots_p3_max_add_p1_mapped                                                                                                                    10               98.845                7.507                0.000               51.299               40.038                0.000                0.000                0.000                0.000
    guts/loop[0].adapter/sipof/fifos[0].twofifo.fifo                                                              bsg_two_fifo_width_p32_320_mapped                                                                                                                              52              894.608               12.512               11.261              190.182              680.653                0.000                0.000                0.000                0.000
     guts/loop[0].adapter/sipof/fifos[0].twofifo.fifo/mem_1r1w                                                    bsg_mem_1r1w_width_p32_els_p2_read_write_same_addr_p0_307_mapped                                                                                               33              730.701                3.754                0.000              126.371              600.576                0.000                0.000                0.000                0.000
      guts/loop[0].adapter/sipof/fifos[0].twofifo.fifo/mem_1r1w/synth                                             bsg_mem_1r1w_synth_width_p32_els_p2_read_write_same_addr_p0_303_mapped                                                                                         33              730.701                3.754                0.000              126.371              600.576                0.000                0.000                0.000                0.000
    guts/loop[0].adapter/sipof/fifos[1].onefifo.fifo                                                              bsg_one_fifo_width_p32_mapped                                                                                                                                   4               40.038                0.000                3.754               16.266               20.019                0.000                0.000                0.000                0.000
     guts/loop[0].adapter/sipof/fifos[1].onefifo.fifo/dff_full                                                    bsg_dff_reset_width_p1_730_mapped                                                                                                                               2               26.275                0.000                0.000                6.256               20.019                0.000                0.000                0.000                0.000
    guts/loop[0].adapter/sipof/fifos[2].onefifo.fifo                                                              bsg_one_fifo_width_p32_311_mapped                                                                                                                               4               40.038                0.000                3.754               16.266               20.019                0.000                0.000                0.000                0.000
     guts/loop[0].adapter/sipof/fifos[2].onefifo.fifo/dff_full                                                    bsg_dff_reset_width_p1_729_mapped                                                                                                                               2               26.275                0.000                0.000                6.256               20.019                0.000                0.000                0.000                0.000
   guts/loop[0].adapter/wh_to_ral                                                                                 bsg_async_fifo_lg_size_p3_width_p32_276_mapped                                                                                                                306             4436.755              228.970               87.584              957.168             3163.034                0.000                0.000                0.000                0.000
    guts/loop[0].adapter/wh_to_ral/MSYNC_1r1w                                                                     bsg_mem_1r1w_width_p32_els_p8_read_write_same_addr_p0_309_mapped                                                                                              161             2946.576                7.507               21.270              515.494             2402.304                0.000                0.000                0.000                0.000
     guts/loop[0].adapter/wh_to_ral/MSYNC_1r1w/synth                                                              bsg_mem_1r1w_synth_width_p32_els_p8_read_write_same_addr_p0_305_mapped                                                                                        161             2946.576                7.507               21.270              515.494             2402.304                0.000                0.000                0.000                0.000
    guts/loop[0].adapter/wh_to_ral/bapg_rd                                                                        bsg_async_ptr_gray_lg_size_p4_5_mapped                                                                                                                         65              679.402              110.106               11.261              177.670              380.365                0.000                0.000                0.000                0.000
     guts/loop[0].adapter/wh_to_ral/bapg_rd/ptr_sync                                                              bsg_launch_sync_sync_width_p4_use_negedge_for_launch_p0_use_async_reset_p0_5_mapped                                                                            24              340.326               75.072                0.000               25.024              240.230                0.000                0.000                0.000                0.000
      guts/loop[0].adapter/wh_to_ral/bapg_rd/ptr_sync/sync.p.z.blss                                               bsg_launch_sync_sync_posedge_4_unit_5_mapped                                                                                                                   24              340.326               75.072                0.000               25.024              240.230                0.000                0.000                0.000                0.000
    guts/loop[0].adapter/wh_to_ral/bapg_wr                                                                        bsg_async_ptr_gray_lg_size_p4_5_280_mapped                                                                                                                     66              689.411              111.357               20.019              177.670              380.365                0.000                0.000                0.000                0.000
     guts/loop[0].adapter/wh_to_ral/bapg_wr/ptr_sync                                                              bsg_launch_sync_sync_width_p4_use_negedge_for_launch_p0_use_async_reset_p0_5_743_mapped                                                                        24              340.326               75.072                0.000               25.024              240.230                0.000                0.000                0.000                0.000
      guts/loop[0].adapter/wh_to_ral/bapg_wr/ptr_sync/sync.p.z.blss                                               bsg_launch_sync_sync_posedge_4_unit_5_737_mapped                                                                                                               24              340.326               75.072                0.000               25.024              240.230                0.000                0.000                0.000                0.000
  guts/loop[0].router                                                                                             bsg_wormhole_router_flit_width_p32_dims_p1_cord_markers_pos_px0000000400000000_routing_matrix_p122607_len_width_p4_mapped                                     203             2942.822               37.536               30.029              872.086             2003.171                0.000                0.000                0.000                0.000
   guts/loop[0].router/in_ch[0].twofer                                                                            bsg_two_fifo_width_p32_mapped                                                                                                                                  51              887.101                7.507               11.261              187.680              680.653                0.000                0.000                0.000                0.000
    guts/loop[0].router/in_ch[0].twofer/mem_1r1w                                                                  bsg_mem_1r1w_width_p32_els_p2_read_write_same_addr_p0_mapped                                                                                                   32              726.947                0.000                0.000              126.371              600.576                0.000                0.000                0.000                0.000
     guts/loop[0].router/in_ch[0].twofer/mem_1r1w/synth                                                           bsg_mem_1r1w_synth_width_p32_els_p2_read_write_same_addr_p0_mapped                                                                                             32              726.947                0.000                0.000              126.371              600.576                0.000                0.000                0.000                0.000
   guts/loop[0].router/in_ch[0].wic                                                                               bsg_wormhole_router_input_control_output_dirs_p3h3_payload_len_bits_p4_mapped                                                                                  14              121.366                7.507                0.000               73.821               40.038                0.000                0.000                0.000                0.000
    guts/loop[0].router/in_ch[0].wic/ctr                                                                          bsg_counter_set_down_width_p4_set_and_down_exclusive_p1h1_mapped                                                                                               10               98.845                7.507                0.000               51.299               40.038                0.000                0.000                0.000                0.000
   guts/loop[0].router/in_ch[1].dor                                                                               bsg_wormhole_router_decoder_dor_dims_p1_cord_dims_p1_reverse_order_p0_cord_markers_pos_px0000000400000000_323_mapped                                            2               11.261                0.000                0.000               11.261                0.000                0.000                0.000                0.000                0.000
   guts/loop[0].router/in_ch[1].twofer                                                                            bsg_two_fifo_width_p32_321_mapped                                                                                                                              76             1455.146                3.754               18.768              270.259             1162.365                0.000                0.000                0.000                0.000
    guts/loop[0].router/in_ch[1].twofer/mem_1r1w                                                                  bsg_mem_1r1w_width_p32_els_p2_read_write_same_addr_p0_308_mapped                                                                                               58             1297.494                0.000                7.507              208.950             1081.037                0.000                0.000                0.000                0.000
     guts/loop[0].router/in_ch[1].twofer/mem_1r1w/synth                                                           bsg_mem_1r1w_synth_width_p32_els_p2_read_write_same_addr_p0_304_mapped                                                                                         58             1297.494                0.000                7.507              208.950             1081.037                0.000                0.000                0.000                0.000
   guts/loop[0].router/in_ch[1].wic                                                                               bsg_wormhole_router_input_control_output_dirs_p3h2_payload_len_bits_p4_mapped                                                                                  26              226.467               18.768                0.000              127.622               80.077                0.000                0.000                0.000                0.000
    guts/loop[0].router/in_ch[1].wic/ctr                                                                          bsg_counter_set_down_width_p4_set_and_down_exclusive_p1h1_284_mapped                                                                                           22              201.443               18.768                0.000              102.598               80.077                0.000                0.000                0.000                0.000
   guts/loop[0].router/out_ch[0].data_mux                                                                         bsg_mux_one_hot_width_p32_els_p3h3_mapped                                                                                                                      10               62.560                0.000                0.000               62.560                0.000                0.000                0.000                0.000                0.000
   guts/loop[0].router/out_ch[0].woc                                                                              bsg_wormhole_router_output_control_input_dirs_p3h3_hold_on_valid_p0_mapped                                                                                      7               57.555                0.000                0.000               37.536               20.019                0.000                0.000                0.000                0.000
    guts/loop[0].router/out_ch[0].woc/brr                                                                         bsg_round_robin_arb_inputs_p3h3_hold_on_valid_p0_mapped                                                                                                         1                6.256                0.000                0.000                6.256                0.000                0.000                0.000                0.000                0.000
    guts/loop[0].router/out_ch[0].woc/scheduled_reg                                                               bsg_dff_reset_width_p3h3_mapped                                                                                                                                 2               26.275                0.000                0.000                6.256               20.019                0.000                0.000                0.000                0.000
   guts/loop[0].router/out_ch[1].data_mux                                                                         bsg_mux_one_hot_width_p32_els_p3h2_mapped                                                                                                                      10               62.560                0.000                0.000               62.560                0.000                0.000                0.000                0.000                0.000
   guts/loop[0].router/out_ch[1].woc                                                                              bsg_wormhole_router_output_control_input_dirs_p3h2_hold_on_valid_p0_mapped                                                                                      7               58.806                0.000                0.000               38.787               20.019                0.000                0.000                0.000                0.000
    guts/loop[0].router/out_ch[1].woc/brr                                                                         bsg_round_robin_arb_inputs_p3h2_hold_on_valid_p0_mapped                                                                                                         1                6.256                0.000                0.000                6.256                0.000                0.000                0.000                0.000                0.000
    guts/loop[0].router/out_ch[1].woc/scheduled_reg                                                               bsg_dff_reset_width_p3h2_mapped                                                                                                                                 2               26.275                0.000                0.000                6.256               20.019                0.000                0.000                0.000                0.000
  guts/n[0].clnt.clnt                                                                                             bsg_test_node_client_ring_width_p80_master_id_p0_client_id_p0_mapped                                                                                          133             1538.976               16.266               37.536              857.072              447.930              180.173                0.000                0.000                0.000
   guts/n[0].clnt.clnt/genblk1.cgol_inst                                                                          bsg_cgol_board_width_p3_max_game_length_p1_mapped                                                                                                             133             1538.976               16.266               37.536              857.072              447.930              180.173                0.000                0.000                0.000
    guts/n[0].clnt.clnt/genblk1.cgol_inst/cell_array                                                              bsg_cgol_cell_array_board_width_p3_mapped                                                                                                                      96             1217.418                3.754               30.029              720.691              327.814              135.130                0.000                0.000                0.000
     guts/n[0].clnt.clnt/genblk1.cgol_inst/cell_array/gen_rows[0].gen_cols[0].life_cell                           bsg_cgol_cell_mapped                                                                                                                                            6               90.086                0.000                0.000               38.787               36.285               15.014                0.000                0.000                0.000
      guts/n[0].clnt.clnt/genblk1.cgol_inst/cell_array/gen_rows[0].gen_cols[0].life_cell/countOnes                bsg_popcount_width_p8_mapped                                                                                                                                    3               31.280                0.000                0.000               31.280                0.000                0.000                0.000                0.000                0.000
       guts/n[0].clnt.clnt/genblk1.cgol_inst/cell_array/gen_rows[0].gen_cols[0].life_cell/countOnes/recurse.right bsg_popcount_width_p4_1_mapped                                                                                                                                  3               31.280                0.000                0.000               31.280                0.000                0.000                0.000                0.000                0.000
     guts/n[0].clnt.clnt/genblk1.cgol_inst/cell_array/gen_rows[0].gen_cols[1].life_cell                           bsg_cgol_cell_1_mapped                                                                                                                                         14              160.154                0.000                7.507              101.347               36.285               15.014                0.000                0.000                0.000
      guts/n[0].clnt.clnt/genblk1.cgol_inst/cell_array/gen_rows[0].gen_cols[1].life_cell/countOnes                bsg_popcount_width_p8_1_mapped                                                                                                                                 10               96.342                0.000                7.507               88.835                0.000                0.000                0.000                0.000                0.000
       guts/n[0].clnt.clnt/genblk1.cgol_inst/cell_array/gen_rows[0].gen_cols[1].life_cell/countOnes/recurse.right bsg_popcount_width_p4_14_748_mapped                                                                                                                             7               58.806                0.000                7.507               51.299                0.000                0.000                0.000                0.000                0.000
     guts/n[0].clnt.clnt/genblk1.cgol_inst/cell_array/gen_rows[0].gen_cols[2].life_cell                           bsg_cgol_cell_2_mapped                                                                                                                                          7              100.096                0.000                0.000               48.797               36.285               15.014                0.000                0.000                0.000
      guts/n[0].clnt.clnt/genblk1.cgol_inst/cell_array/gen_rows[0].gen_cols[2].life_cell/countOnes                bsg_popcount_width_p8_2_mapped                                                                                                                                  3               37.536                0.000                0.000               37.536                0.000                0.000                0.000                0.000                0.000
       guts/n[0].clnt.clnt/genblk1.cgol_inst/cell_array/gen_rows[0].gen_cols[2].life_cell/countOnes/recurse.right bsg_popcount_width_p4_11_746_mapped                                                                                                                             1               12.512                0.000                0.000               12.512                0.000                0.000                0.000                0.000                0.000
     guts/n[0].clnt.clnt/genblk1.cgol_inst/cell_array/gen_rows[1].gen_cols[0].life_cell                           bsg_cgol_cell_3_mapped                                                                                                                                         10              138.883                0.000                0.000               87.584               36.285               15.014                0.000                0.000                0.000
      guts/n[0].clnt.clnt/genblk1.cgol_inst/cell_array/gen_rows[1].gen_cols[0].life_cell/countOnes                bsg_popcount_width_p8_3_mapped                                                                                                                                  6               76.323                0.000                0.000               76.323                0.000                0.000                0.000                0.000                0.000
       guts/n[0].clnt.clnt/genblk1.cgol_inst/cell_array/gen_rows[1].gen_cols[0].life_cell/countOnes/recurse.left  bsg_popcount_width_p4_12_747_mapped                                                                                                                             1               12.512                0.000                0.000               12.512                0.000                0.000                0.000                0.000                0.000
       guts/n[0].clnt.clnt/genblk1.cgol_inst/cell_array/gen_rows[1].gen_cols[0].life_cell/countOnes/recurse.right bsg_popcount_width_p4_1_745_mapped                                                                                                                              3               31.280                0.000                0.000               31.280                0.000                0.000                0.000                0.000                0.000
     guts/n[0].clnt.clnt/genblk1.cgol_inst/cell_array/gen_rows[1].gen_cols[1].life_cell                           bsg_cgol_cell_4_mapped                                                                                                                                         22              238.979                3.754               15.014              167.661               37.536               15.014                0.000                0.000                0.000
      guts/n[0].clnt.clnt/genblk1.cgol_inst/cell_array/gen_rows[1].gen_cols[1].life_cell/countOnes                bsg_popcount_width_p8_4_mapped                                                                                                                                 17              170.163                0.000               15.014              155.149                0.000                0.000                0.000                0.000                0.000
       guts/n[0].clnt.clnt/genblk1.cgol_inst/cell_array/gen_rows[1].gen_cols[1].life_cell/countOnes/recurse.left  bsg_popcount_width_p4_14_749_mapped                                                                                                                             7               58.806                0.000                7.507               51.299                0.000                0.000                0.000                0.000                0.000
       guts/n[0].clnt.clnt/genblk1.cgol_inst/cell_array/gen_rows[1].gen_cols[1].life_cell/countOnes/recurse.right bsg_popcount_width_p4_14_750_mapped                                                                                                                             7               58.806                0.000                7.507               51.299                0.000                0.000                0.000                0.000                0.000
     guts/n[0].clnt.clnt/genblk1.cgol_inst/cell_array/gen_rows[1].gen_cols[2].life_cell                           bsg_cgol_cell_5_mapped                                                                                                                                         10              138.883                0.000                0.000               87.584               36.285               15.014                0.000                0.000                0.000
      guts/n[0].clnt.clnt/genblk1.cgol_inst/cell_array/gen_rows[1].gen_cols[2].life_cell/countOnes                bsg_popcount_width_p8_5_mapped                                                                                                                                  6               76.323                0.000                0.000               76.323                0.000                0.000                0.000                0.000                0.000
       guts/n[0].clnt.clnt/genblk1.cgol_inst/cell_array/gen_rows[1].gen_cols[2].life_cell/countOnes/recurse.left  bsg_popcount_width_p4_16_751_mapped                                                                                                                             3               31.280                0.000                0.000               31.280                0.000                0.000                0.000                0.000                0.000
       guts/n[0].clnt.clnt/genblk1.cgol_inst/cell_array/gen_rows[1].gen_cols[2].life_cell/countOnes/recurse.right bsg_popcount_width_p4_11_mapped                                                                                                                                 1               12.512                0.000                0.000               12.512                0.000                0.000                0.000                0.000                0.000
     guts/n[0].clnt.clnt/genblk1.cgol_inst/cell_array/gen_rows[2].gen_cols[0].life_cell                           bsg_cgol_cell_6_mapped                                                                                                                                          7              100.096                0.000                0.000               48.797               36.285               15.014                0.000                0.000                0.000
      guts/n[0].clnt.clnt/genblk1.cgol_inst/cell_array/gen_rows[2].gen_cols[0].life_cell/countOnes                bsg_popcount_width_p8_6_mapped                                                                                                                                  3               37.536                0.000                0.000               37.536                0.000                0.000                0.000                0.000                0.000
       guts/n[0].clnt.clnt/genblk1.cgol_inst/cell_array/gen_rows[2].gen_cols[0].life_cell/countOnes/recurse.left  bsg_popcount_width_p4_12_mapped                                                                                                                                 1               12.512                0.000                0.000               12.512                0.000                0.000                0.000                0.000                0.000
     guts/n[0].clnt.clnt/genblk1.cgol_inst/cell_array/gen_rows[2].gen_cols[1].life_cell                           bsg_cgol_cell_7_mapped                                                                                                                                         14              160.154                0.000                7.507              101.347               36.285               15.014                0.000                0.000                0.000
      guts/n[0].clnt.clnt/genblk1.cgol_inst/cell_array/gen_rows[2].gen_cols[1].life_cell/countOnes                bsg_popcount_width_p8_7_mapped                                                                                                                                 10               96.342                0.000                7.507               88.835                0.000                0.000                0.000                0.000                0.000
       guts/n[0].clnt.clnt/genblk1.cgol_inst/cell_array/gen_rows[2].gen_cols[1].life_cell/countOnes/recurse.left  bsg_popcount_width_p4_14_mapped                                                                                                                                 7               58.806                0.000                7.507               51.299                0.000                0.000                0.000                0.000                0.000
     guts/n[0].clnt.clnt/genblk1.cgol_inst/cell_array/gen_rows[2].gen_cols[2].life_cell                           bsg_cgol_cell_8_mapped                                                                                                                                          6               90.086                0.000                0.000               38.787               36.285               15.014                0.000                0.000                0.000
      guts/n[0].clnt.clnt/genblk1.cgol_inst/cell_array/gen_rows[2].gen_cols[2].life_cell/countOnes                bsg_popcount_width_p8_8_mapped                                                                                                                                  3               31.280                0.000                0.000               31.280                0.000                0.000                0.000                0.000                0.000
       guts/n[0].clnt.clnt/genblk1.cgol_inst/cell_array/gen_rows[2].gen_cols[2].life_cell/countOnes/recurse.left  bsg_popcount_width_p4_16_mapped                                                                                                                                 3               31.280                0.000                0.000               31.280                0.000                0.000                0.000                0.000                0.000
    guts/n[0].clnt.clnt/genblk1.cgol_inst/ctrl                                                                    bsg_cgol_ctrl_max_game_length_p1_mapped                                                                                                                        37              321.558               12.512                7.507              136.381              120.115               45.043                0.000                0.000                0.000
     guts/n[0].clnt.clnt/genblk1.cgol_inst/ctrl/counter                                                           bsg_counter_dynamic_limit_en_width_p1_mapped                                                                                                                    6               50.048                3.754                0.000               26.275               20.019                0.000                0.000                0.000                0.000
